{"level":"info","message":"Starting server_1...","service":"user-service","timestamp":"2026-06-04T09:58:00.946Z"}
{"level":"info","message":"PostgreSQL connection pool initialized","service":"user-service","timestamp":"2026-06-04T09:58:01.144Z"}
{"code":"42804","detail":"Key columns \"agent_id\" and \"id\" are of incompatible types: uuid and integer.","file":"tablecmds.c","length":223,"level":"error","line":"9489","message":"Database initialization failed: foreign key constraint \"apartments_agent_id_fkey\" cannot be implemented","name":"error","routine":"ATAddForeignKeyConstraint","service":"user-service","severity":"ERROR","stack":"error: foreign key constraint \"apartments_agent_id_fkey\" cannot be implemented\n    at /home/app/node_modules/pg-pool/index.js:45:11\n    at processTicksAndRejections (node:internal/process/task_queues:95:5)\n    at async initDatabase (/home/app/src/config/db.ts:139:5)\n    at async startServer (/home/app/src/index.ts:61:5)","timestamp":"2026-06-04T09:58:01.253Z"}
{"level":"info","message":"Starting server_1...","service":"user-service","timestamp":"2026-06-04T16:10:43.458Z"}
{"level":"info","message":"PostgreSQL connection pool initialized","service":"user-service","timestamp":"2026-06-04T16:10:43.578Z"}
{"code":"42804","detail":"Key columns \"agent_id\" and \"id\" are of incompatible types: uuid and integer.","file":"tablecmds.c","length":223,"level":"error","line":"9489","message":"Database initialization failed: foreign key constraint \"apartments_agent_id_fkey\" cannot be implemented","name":"error","routine":"ATAddForeignKeyConstraint","service":"user-service","severity":"ERROR","stack":"error: foreign key constraint \"apartments_agent_id_fkey\" cannot be implemented\n    at /home/app/node_modules/pg-pool/index.js:45:11\n    at processTicksAndRejections (node:internal/process/task_queues:95:5)\n    at async initDatabase (/home/app/src/config/db.ts:144:5)\n    at async startServer (/home/app/src/index.ts:61:5)","timestamp":"2026-06-04T16:10:43.717Z"}
{"level":"info","message":"Starting server_1...","service":"user-service","timestamp":"2026-06-04T16:16:28.348Z"}
{"level":"info","message":"PostgreSQL connection pool initialized","service":"user-service","timestamp":"2026-06-04T16:16:28.442Z"}
{"level":"warn","message":"User verification migration warning: column \"isverified\" does not exist","service":"user-service","timestamp":"2026-06-04T16:16:28.552Z"}
{"level":"info","message":"Database tables created or verified successfully","service":"user-service","timestamp":"2026-06-04T16:16:28.553Z"}
{"level":"info","message":"Redis client connected","service":"user-service","timestamp":"2026-06-04T16:16:28.566Z"}
{"level":"info","message":"This is server_1, listening on 3000","service":"user-service","timestamp":"2026-06-04T16:16:29.819Z"}
{"level":"info","message":"Starting server_1...","service":"user-service","timestamp":"2026-06-04T16:34:41.903Z"}
{"level":"info","message":"PostgreSQL connection pool initialized","service":"user-service","timestamp":"2026-06-04T16:34:42.040Z"}
{"level":"warn","message":"User verification migration warning: column \"isverified\" does not exist","service":"user-service","timestamp":"2026-06-04T16:34:42.079Z"}
{"level":"info","message":"Database tables created or verified successfully","service":"user-service","timestamp":"2026-06-04T16:34:42.081Z"}
{"level":"info","message":"Redis client connected","service":"user-service","timestamp":"2026-06-04T16:34:42.099Z"}
{"level":"info","message":"This is server_1, listening on 3000","service":"user-service","timestamp":"2026-06-04T16:34:44.279Z"}
{"level":"info","message":"Starting server_1...","service":"user-service","timestamp":"2026-06-04T19:35:44.695Z"}
{"level":"info","message":"PostgreSQL connection pool initialized","service":"user-service","timestamp":"2026-06-04T19:35:44.817Z"}
{"level":"warn","message":"User verification migration warning: column \"isverified\" does not exist","service":"user-service","timestamp":"2026-06-04T19:35:44.868Z"}
{"level":"info","message":"Database tables created or verified successfully","service":"user-service","timestamp":"2026-06-04T19:35:44.869Z"}
{"level":"info","message":"Redis client connected","service":"user-service","timestamp":"2026-06-04T19:35:44.884Z"}
{"level":"info","message":"This is server_1, listening on 3000","service":"user-service","timestamp":"2026-06-04T19:35:48.012Z"}
{"level":"error","message":"Invalid token provided","service":"user-service","timestamp":"2026-06-04T19:36:26.285Z"}
{"level":"info","message":"PostgreSQL connection pool initialized","service":"user-service","timestamp":"2026-06-04T19:49:58.677Z"}
{"level":"warn","message":"User verification migration warning: column \"isverified\" does not exist","service":"user-service","timestamp":"2026-06-04T19:49:58.753Z"}
{"level":"info","message":"Database tables created or verified successfully","service":"user-service","timestamp":"2026-06-04T19:49:58.754Z"}
{"level":"info","message":"Redis client connected","service":"user-service","timestamp":"2026-06-04T19:49:58.783Z"}
{"level":"info","message":"This is server_1, listening on 3000","service":"user-service","timestamp":"2026-06-04T19:50:00.658Z"}
{"level":"info","message":"Received token:","service":"user-service","timestamp":"2026-06-04T19:51:51.880Z"}
{"level":"error","message":"Invalid token provided","service":"user-service","timestamp":"2026-06-04T19:51:51.886Z"}
{"level":"info","message":"PostgreSQL connection pool initialized","service":"user-service","timestamp":"2026-06-04T19:56:40.898Z"}
{"level":"warn","message":"User verification migration warning: column \"isverified\" does not exist","service":"user-service","timestamp":"2026-06-04T19:56:40.938Z"}
{"level":"info","message":"Database tables created or verified successfully","service":"user-service","timestamp":"2026-06-04T19:56:40.940Z"}
{"level":"info","message":"Redis client connected","service":"user-service","timestamp":"2026-06-04T19:56:40.957Z"}
{"level":"info","message":"This is server_1, listening on 3000","service":"user-service","timestamp":"2026-06-04T19:56:42.273Z"}
{"level":"info","message":"PostgreSQL connection pool initialized","service":"user-service","timestamp":"2026-06-04T19:59:14.076Z"}
{"level":"warn","message":"User verification migration warning: column \"isverified\" does not exist","service":"user-service","timestamp":"2026-06-04T19:59:14.121Z"}
{"level":"info","message":"Database tables created or verified successfully","service":"user-service","timestamp":"2026-06-04T19:59:14.123Z"}
{"level":"info","message":"Redis client connected","service":"user-service","timestamp":"2026-06-04T19:59:14.148Z"}
{"level":"info","message":"This is server_1, listening on 3000","service":"user-service","timestamp":"2026-06-04T19:59:16.004Z"}
{"accept":"*/*","accept-encoding":"gzip, deflate, br","authorization":"Bearer eyJhbGciOiJIUzI1NiIsInR5cCI6IkpXVCJ9.eyJ1c2VySWQiOiI3MDc5OWJlMi02OGUxLTQ0NjEtODg3OC00ZjMxOWQ2Yjk2ZjQiLCJpYXQiOjE3ODA2MDMxNjQsImV4cCI6MTc4MDYwNjc2NH0.q-7dA3Y7HMadAPZCDLRxZTWIlM5HUK1_fd3ZwgL7UBQ","cache-control":"no-cache","connection":"close","content-length":"33","content-type":"application/json","host":"localhost","level":"info","message":"Received token:","postman-token":"536af7aa-9844-4648-ad97-8f750e5e0ce7","service":"user-service","timestamp":"2026-06-04T20:00:08.653Z","user-agent":"PostmanRuntime/7.54.0","x-real-ip":"127.0.0.1"}
{"level":"info","message":"Received token:","service":"user-service","timestamp":"2026-06-04T20:00:08.654Z"}
{"level":"error","message":"Invalid token provided","service":"user-service","timestamp":"2026-06-04T20:00:08.662Z"}
{"level":"info","message":"PostgreSQL connection pool initialized","service":"user-service","timestamp":"2026-06-04T20:12:50.950Z"}
{"level":"warn","message":"User verification migration warning: column \"isverified\" does not exist","service":"user-service","timestamp":"2026-06-04T20:12:51.148Z"}
{"level":"info","message":"Database tables created or verified successfully","service":"user-service","timestamp":"2026-06-04T20:12:51.150Z"}
{"level":"info","message":"Redis client connected","service":"user-service","timestamp":"2026-06-04T20:12:51.202Z"}
{"level":"info","message":"This is server_1, listening on 3000","service":"user-service","timestamp":"2026-06-04T20:12:54.869Z"}
{"accept":"*/*","accept-encoding":"gzip, deflate, br","authorization":"Bearer eyJhbGciOiJIUzI1NiIsInR5cCI6IkpXVCJ9.eyJ1c2VySWQiOiI3MDc5OWJlMi02OGUxLTQ0NjEtODg3OC00ZjMxOWQ2Yjk2ZjQiLCJpYXQiOjE3ODA2MDMxNjQsImV4cCI6MTc4MDYwNjc2NH0.q-7dA3Y7HMadAPZCDLRxZTWIlM5HUK1_fd3ZwgL7UBQ","cache-control":"no-cache","connection":"close","content-length":"33","content-type":"application/json","host":"localhost","level":"info","message":"Received token:","postman-token":"0c1787a5-975c-4385-9a2f-180000dcc42a","service":"user-service","timestamp":"2026-06-04T20:14:10.146Z","user-agent":"PostmanRuntime/7.54.0","x-real-ip":"127.0.0.1"}
{"level":"info","message":"Received token:","service":"user-service","timestamp":"2026-06-04T20:14:10.147Z"}
{"level":"error","message":"Invalid token provided","service":"user-service","timestamp":"2026-06-04T20:14:10.164Z"}
{"level":"info","message":"PostgreSQL connection pool initialized","service":"user-service","timestamp":"2026-06-04T20:19:15.936Z"}
{"level":"warn","message":"User verification migration warning: column \"isverified\" does not exist","service":"user-service","timestamp":"2026-06-04T20:19:15.994Z"}
{"level":"info","message":"Database tables created or verified successfully","service":"user-service","timestamp":"2026-06-04T20:19:15.996Z"}
{"level":"info","message":"Redis client connected","service":"user-service","timestamp":"2026-06-04T20:19:16.023Z"}
{"level":"info","message":"This is server_1, listening on 3000","service":"user-service","timestamp":"2026-06-04T20:19:17.536Z"}
{"level":"info","message":"Received token:","service":"user-service","timestamp":"2026-06-04T20:28:54.377Z"}
{"level":"info","message":"Received token:","service":"user-service","timestamp":"2026-06-04T20:28:54.379Z"}
{"level":"error","message":"Invalid token provided","service":"user-service","timestamp":"2026-06-04T20:28:54.429Z"}
{"level":"info","message":"PostgreSQL connection pool initialized","service":"user-service","timestamp":"2026-06-04T20:32:30.645Z"}
{"level":"warn","message":"User verification migration warning: column \"isverified\" does not exist","service":"user-service","timestamp":"2026-06-04T20:32:30.700Z"}
{"level":"info","message":"Database tables created or verified successfully","service":"user-service","timestamp":"2026-06-04T20:32:30.702Z"}
{"level":"info","message":"Redis client connected","service":"user-service","timestamp":"2026-06-04T20:32:30.730Z"}
{"level":"info","message":"This is server_1, listening on 3000","service":"user-service","timestamp":"2026-06-04T20:32:33.407Z"}
{"level":"info","message":"All headers received:","service":"user-service","timestamp":"2026-06-04T20:33:09.223Z"}
{"level":"info","message":"Authorization header value:","service":"user-service","timestamp":"2026-06-04T20:33:09.224Z"}
{"level":"info","message":"Extracted token:","service":"user-service","timestamp":"2026-06-04T20:33:09.226Z"}
{"level":"info","message":"Attempting to verify token...","service":"user-service","timestamp":"2026-06-04T20:33:09.227Z"}
{"level":"error","message":"Token verification failed: INVALID_TOKEN","service":"user-service","stack":"Error: INVALID_TOKEN\n    at verifyUserToken (/home/app/src/utils/signer.ts:18:13)\n    at authMiddleware (/home/app/src/middlewares/auth.ts:55:41)\n    at Layer.handleRequest (/home/app/node_modules/router/lib/layer.js:152:17)\n    at trimPrefix (/home/app/node_modules/router/index.js:342:13)\n    at /home/app/node_modules/router/index.js:297:9\n    at processParams (/home/app/node_modules/router/index.js:582:12)\n    at next (/home/app/node_modules/router/index.js:291:5)\n    at /home/app/node_modules/express-rate-limit/dist/index.cjs:999:7\n    at processTicksAndRejections (node:internal/process/task_queues:95:5)\n    at async /home/app/node_modules/express-rate-limit/dist/index.cjs:854:5","timestamp":"2026-06-04T20:33:09.247Z"}
{"level":"info","message":"PostgreSQL connection pool initialized","service":"user-service","timestamp":"2026-06-04T21:49:34.982Z"}
{"level":"warn","message":"User verification migration warning: column \"isverified\" does not exist","service":"user-service","timestamp":"2026-06-04T21:49:35.025Z"}
{"level":"info","message":"Database tables created or verified successfully","service":"user-service","timestamp":"2026-06-04T21:49:35.026Z"}
{"level":"info","message":"Redis client connected","service":"user-service","timestamp":"2026-06-04T21:49:35.045Z"}
{"level":"info","message":"This is server_1, listening on 3000","service":"user-service","timestamp":"2026-06-04T21:49:37.961Z"}
{"level":"info","message":"Auth check - URL: /edit-profile","service":"user-service","timestamp":"2026-06-04T22:01:25.579Z"}
{"level":"info","message":"Auth check - Headers: [\"host\",\"x-real-ip\",\"connection\",\"content-length\",\"content-type\",\"authorization\",\"user-agent\",\"accept\",\"cache-control\",\"postman-token\",\"accept-encoding\"]","service":"user-service","timestamp":"2026-06-04T22:01:25.582Z"}
{"level":"info","message":"Authorization header value:","service":"user-service","timestamp":"2026-06-04T22:01:25.584Z"}
{"level":"info","message":"X-Auth-Token header value:","service":"user-service","timestamp":"2026-06-04T22:01:25.584Z"}
{"level":"info","message":"Token found via Bearer","service":"user-service","timestamp":"2026-06-04T22:01:25.586Z"}
{"level":"info","message":"Extracted token:","service":"user-service","timestamp":"2026-06-04T22:01:25.588Z"}
{"level":"info","message":"Attempting to verify token...","service":"user-service","timestamp":"2026-06-04T22:01:25.589Z"}
{"level":"error","message":"Token verification failed: INVALID_TOKEN","service":"user-service","stack":"Error: INVALID_TOKEN\n    at verifyUserToken (/home/app/src/utils/signer.ts:26:13)\n    at authMiddleware (/home/app/src/middlewares/auth.ts:96:41)\n    at Layer.handleRequest (/home/app/node_modules/router/lib/layer.js:152:17)\n    at trimPrefix (/home/app/node_modules/router/index.js:342:13)\n    at /home/app/node_modules/router/index.js:297:9\n    at processParams (/home/app/node_modules/router/index.js:582:12)\n    at next (/home/app/node_modules/router/index.js:291:5)\n    at /home/app/node_modules/express-rate-limit/dist/index.cjs:999:7\n    at processTicksAndRejections (node:internal/process/task_queues:95:5)\n    at async /home/app/node_modules/express-rate-limit/dist/index.cjs:854:5","timestamp":"2026-06-04T22:01:25.603Z"}
{"level":"info","message":"PostgreSQL connection pool initialized","service":"user-service","timestamp":"2026-06-04T22:09:34.814Z"}
{"level":"warn","message":"User verification migration warning: column \"isverified\" does not exist","service":"user-service","timestamp":"2026-06-04T22:09:34.848Z"}
{"level":"info","message":"Database tables created or verified successfully","service":"user-service","timestamp":"2026-06-04T22:09:34.849Z"}
{"level":"info","message":"Redis client connected","service":"user-service","timestamp":"2026-06-04T22:09:34.862Z"}
{"level":"info","message":"This is server_1, listening on 3000","service":"user-service","timestamp":"2026-06-04T22:09:35.976Z"}
{"level":"info","message":"Auth check - URL: /edit-profile","service":"user-service","timestamp":"2026-06-04T22:10:09.729Z"}
{"level":"info","message":"Auth check - Headers: [\"host\",\"x-real-ip\",\"connection\",\"content-length\",\"content-type\",\"authorization\",\"user-agent\",\"accept\",\"cache-control\",\"postman-token\",\"accept-encoding\"]","service":"user-service","timestamp":"2026-06-04T22:10:09.730Z"}
{"level":"info","message":"Authorization header value:","service":"user-service","timestamp":"2026-06-04T22:10:09.731Z"}
{"level":"info","message":"X-Auth-Token header value:","service":"user-service","timestamp":"2026-06-04T22:10:09.732Z"}
{"level":"info","message":"Token found via Bearer","service":"user-service","timestamp":"2026-06-04T22:10:09.732Z"}
{"level":"info","message":"Extracted token:","service":"user-service","timestamp":"2026-06-04T22:10:09.733Z"}
{"level":"info","message":"Attempting to verify token...","service":"user-service","timestamp":"2026-06-04T22:10:09.734Z"}
{"level":"error","message":"Token verification failed: INVALID_TOKEN","service":"user-service","stack":"Error: INVALID_TOKEN\n    at verifyUserToken (/home/app/src/utils/signer.ts:26:13)\n    at authMiddleware (/home/app/src/middlewares/auth.ts:96:41)\n    at Layer.handleRequest (/home/app/node_modules/router/lib/layer.js:152:17)\n    at trimPrefix (/home/app/node_modules/router/index.js:342:13)\n    at /home/app/node_modules/router/index.js:297:9\n    at processParams (/home/app/node_modules/router/index.js:582:12)\n    at next (/home/app/node_modules/router/index.js:291:5)\n    at /home/app/node_modules/express-rate-limit/dist/index.cjs:999:7\n    at processTicksAndRejections (node:internal/process/task_queues:95:5)\n    at async /home/app/node_modules/express-rate-limit/dist/index.cjs:854:5","timestamp":"2026-06-04T22:10:09.752Z"}
{"level":"info","message":"PostgreSQL connection pool initialized","service":"user-service","timestamp":"2026-06-04T22:12:34.436Z"}
{"level":"warn","message":"User verification migration warning: column \"isverified\" does not exist","service":"user-service","timestamp":"2026-06-04T22:12:34.467Z"}
{"level":"info","message":"Database tables created or verified successfully","service":"user-service","timestamp":"2026-06-04T22:12:34.470Z"}
{"level":"info","message":"Redis client connected","service":"user-service","timestamp":"2026-06-04T22:12:34.490Z"}
{"level":"info","message":"This is server_1, listening on 3000","service":"user-service","timestamp":"2026-06-04T22:12:36.234Z"}
{"level":"info","message":"Auth check - URL: /edit-profile","service":"user-service","timestamp":"2026-06-04T22:13:27.265Z"}
{"level":"info","message":"Auth check - Headers: [\"host\",\"x-real-ip\",\"connection\",\"content-length\",\"content-type\",\"authorization\",\"user-agent\",\"accept\",\"cache-control\",\"postman-token\",\"accept-encoding\"]","service":"user-service","timestamp":"2026-06-04T22:13:27.270Z"}
{"level":"info","message":"Authorization header value:","service":"user-service","timestamp":"2026-06-04T22:13:27.271Z"}
{"level":"info","message":"X-Auth-Token header value:","service":"user-service","timestamp":"2026-06-04T22:13:27.271Z"}
{"level":"info","message":"Token found via Bearer","service":"user-service","timestamp":"2026-06-04T22:13:27.272Z"}
{"level":"info","message":"Extracted token:","service":"user-service","timestamp":"2026-06-04T22:13:27.272Z"}
{"level":"info","message":"Attempting to verify token...","service":"user-service","timestamp":"2026-06-04T22:13:27.274Z"}
{"level":"error","message":"Token verification failed: INVALID_TOKEN","service":"user-service","stack":"Error: INVALID_TOKEN\n    at verifyUserToken (/home/app/src/utils/signer.ts:26:13)\n    at authMiddleware (/home/app/src/middlewares/auth.ts:96:41)\n    at Layer.handleRequest (/home/app/node_modules/router/lib/layer.js:152:17)\n    at trimPrefix (/home/app/node_modules/router/index.js:342:13)\n    at /home/app/node_modules/router/index.js:297:9\n    at processParams (/home/app/node_modules/router/index.js:582:12)\n    at next (/home/app/node_modules/router/index.js:291:5)\n    at /home/app/node_modules/express-rate-limit/dist/index.cjs:999:7\n    at processTicksAndRejections (node:internal/process/task_queues:95:5)\n    at async /home/app/node_modules/express-rate-limit/dist/index.cjs:854:5","timestamp":"2026-06-04T22:13:27.292Z"}
{"level":"info","message":"Auth check - URL: /edit-profile","service":"user-service","timestamp":"2026-06-04T22:15:26.740Z"}
{"level":"info","message":"Auth check - Headers: [\"host\",\"x-real-ip\",\"connection\",\"content-length\",\"content-type\",\"authorization\",\"user-agent\",\"accept\",\"cache-control\",\"postman-token\",\"accept-encoding\"]","service":"user-service","timestamp":"2026-06-04T22:15:26.740Z"}
{"level":"info","message":"Authorization header value:","service":"user-service","timestamp":"2026-06-04T22:15:26.741Z"}
{"level":"info","message":"X-Auth-Token header value:","service":"user-service","timestamp":"2026-06-04T22:15:26.742Z"}
{"level":"info","message":"Token found via Bearer","service":"user-service","timestamp":"2026-06-04T22:15:26.743Z"}
{"level":"info","message":"Extracted token:","service":"user-service","timestamp":"2026-06-04T22:15:26.743Z"}
{"level":"info","message":"Attempting to verify token...","service":"user-service","timestamp":"2026-06-04T22:15:26.744Z"}
{"level":"error","message":"Token verification failed: INVALID_TOKEN","service":"user-service","stack":"Error: INVALID_TOKEN\n    at verifyUserToken (/home/app/src/utils/signer.ts:18:13)\n    at authMiddleware (/home/app/src/middlewares/auth.ts:96:41)\n    at Layer.handleRequest (/home/app/node_modules/router/lib/layer.js:152:17)\n    at trimPrefix (/home/app/node_modules/router/index.js:342:13)\n    at /home/app/node_modules/router/index.js:297:9\n    at processParams (/home/app/node_modules/router/index.js:582:12)\n    at next (/home/app/node_modules/router/index.js:291:5)\n    at /home/app/node_modules/express-rate-limit/dist/index.cjs:999:7\n    at processTicksAndRejections (node:internal/process/task_queues:95:5)\n    at async /home/app/node_modules/express-rate-limit/dist/index.cjs:854:5","timestamp":"2026-06-04T22:15:26.756Z"}
{"level":"info","message":"Auth check - URL: /edit-profile","service":"user-service","timestamp":"2026-06-04T22:17:16.130Z"}
{"level":"info","message":"Auth check - Headers: [\"host\",\"x-real-ip\",\"connection\",\"content-length\",\"x-auth-token\",\"content-type\",\"authorization\",\"user-agent\",\"accept\",\"cache-control\",\"postman-token\",\"accept-encoding\"]","service":"user-service","timestamp":"2026-06-04T22:17:16.130Z"}
{"level":"info","message":"Authorization header value:","service":"user-service","timestamp":"2026-06-04T22:17:16.130Z"}
{"level":"info","message":"X-Auth-Token header value:","service":"user-service","timestamp":"2026-06-04T22:17:16.131Z"}
{"level":"info","message":"Token found via Bearer","service":"user-service","timestamp":"2026-06-04T22:17:16.131Z"}
{"level":"info","message":"Extracted token:","service":"user-service","timestamp":"2026-06-04T22:17:16.131Z"}
{"level":"info","message":"Attempting to verify token...","service":"user-service","timestamp":"2026-06-04T22:17:16.131Z"}
{"level":"error","message":"Token verification failed: INVALID_TOKEN","service":"user-service","stack":"Error: INVALID_TOKEN\n    at verifyUserToken (/home/app/src/utils/signer.ts:18:13)\n    at authMiddleware (/home/app/src/middlewares/auth.ts:96:41)\n    at Layer.handleRequest (/home/app/node_modules/router/lib/layer.js:152:17)\n    at trimPrefix (/home/app/node_modules/router/index.js:342:13)\n    at /home/app/node_modules/router/index.js:297:9\n    at processParams (/home/app/node_modules/router/index.js:582:12)\n    at next (/home/app/node_modules/router/index.js:291:5)\n    at /home/app/node_modules/express-rate-limit/dist/index.cjs:999:7\n    at processTicksAndRejections (node:internal/process/task_queues:95:5)\n    at async /home/app/node_modules/express-rate-limit/dist/index.cjs:854:5","timestamp":"2026-06-04T22:17:16.151Z"}
{"level":"info","message":"PostgreSQL connection pool initialized","service":"user-service","timestamp":"2026-06-04T22:19:01.554Z"}
{"level":"warn","message":"User verification migration warning: column \"isverified\" does not exist","service":"user-service","timestamp":"2026-06-04T22:19:01.586Z"}
{"level":"info","message":"Database tables created or verified successfully","service":"user-service","timestamp":"2026-06-04T22:19:01.587Z"}
{"level":"info","message":"Redis client connected","service":"user-service","timestamp":"2026-06-04T22:19:01.602Z"}
{"level":"info","message":"This is server_1, listening on 3000","service":"user-service","timestamp":"2026-06-04T22:19:02.588Z"}
{"level":"info","message":"Auth check - URL: /edit-profile","service":"user-service","timestamp":"2026-06-04T22:19:58.876Z"}
{"level":"info","message":"Auth check - Headers: [\"host\",\"x-real-ip\",\"connection\",\"content-length\",\"x-auth-token\",\"content-type\",\"authorization\",\"user-agent\",\"accept\",\"cache-control\",\"postman-token\",\"accept-encoding\"]","service":"user-service","timestamp":"2026-06-04T22:19:58.881Z"}
{"level":"info","message":"Authorization header value:","service":"user-service","timestamp":"2026-06-04T22:19:58.885Z"}
{"level":"info","message":"X-Auth-Token header value:","service":"user-service","timestamp":"2026-06-04T22:19:58.886Z"}
{"level":"info","message":"Token found via Bearer","service":"user-service","timestamp":"2026-06-04T22:19:58.887Z"}
{"level":"info","message":"Extracted token:","service":"user-service","timestamp":"2026-06-04T22:19:58.888Z"}
{"level":"info","message":"Attempting to verify token...","service":"user-service","timestamp":"2026-06-04T22:19:58.888Z"}
{"level":"error","message":"Token verification failed: INVALID_TOKEN","service":"user-service","stack":"Error: INVALID_TOKEN\n    at verifyUserToken (/home/app/src/utils/signer.ts:21:13)\n    at authMiddleware (/home/app/src/middlewares/auth.ts:96:41)\n    at Layer.handleRequest (/home/app/node_modules/router/lib/layer.js:152:17)\n    at trimPrefix (/home/app/node_modules/router/index.js:342:13)\n    at /home/app/node_modules/router/index.js:297:9\n    at processParams (/home/app/node_modules/router/index.js:582:12)\n    at next (/home/app/node_modules/router/index.js:291:5)\n    at /home/app/node_modules/express-rate-limit/dist/index.cjs:999:7\n    at processTicksAndRejections (node:internal/process/task_queues:95:5)\n    at async /home/app/node_modules/express-rate-limit/dist/index.cjs:854:5","timestamp":"2026-06-04T22:19:58.906Z"}
{"level":"info","message":"PostgreSQL connection pool initialized","service":"user-service","timestamp":"2026-06-04T22:22:45.598Z"}
{"level":"warn","message":"User verification migration warning: column \"isverified\" does not exist","service":"user-service","timestamp":"2026-06-04T22:22:45.676Z"}
{"level":"info","message":"Database tables created or verified successfully","service":"user-service","timestamp":"2026-06-04T22:22:45.677Z"}
{"level":"info","message":"Redis client connected","service":"user-service","timestamp":"2026-06-04T22:22:45.727Z"}
{"level":"info","message":"This is server_1, listening on 3000","service":"user-service","timestamp":"2026-06-04T22:22:48.015Z"}
{"level":"info","message":"Auth check - URL: /edit-profile","service":"user-service","timestamp":"2026-06-04T22:22:52.884Z"}
{"level":"info","message":"Auth check - Headers: [\"host\",\"x-real-ip\",\"connection\",\"content-length\",\"x-auth-token\",\"content-type\",\"authorization\",\"user-agent\",\"accept\",\"cache-control\",\"postman-token\",\"accept-encoding\"]","service":"user-service","timestamp":"2026-06-04T22:22:52.889Z"}
{"level":"info","message":"Authorization header value:","service":"user-service","timestamp":"2026-06-04T22:22:52.891Z"}
{"level":"info","message":"X-Auth-Token header value:","service":"user-service","timestamp":"2026-06-04T22:22:52.892Z"}
{"level":"info","message":"Token found via Bearer","service":"user-service","timestamp":"2026-06-04T22:22:52.893Z"}
{"level":"info","message":"Extracted token:","service":"user-service","timestamp":"2026-06-04T22:22:52.894Z"}
{"level":"info","message":"Attempting to verify token...","service":"user-service","timestamp":"2026-06-04T22:22:52.896Z"}
{"level":"error","message":"Token verification failed: INVALID_TOKEN","service":"user-service","stack":"Error: INVALID_TOKEN\n    at verifyUserToken (/home/app/src/utils/signer.ts:38:13)\n    at authMiddleware (/home/app/src/middlewares/auth.ts:96:41)\n    at Layer.handleRequest (/home/app/node_modules/router/lib/layer.js:152:17)\n    at trimPrefix (/home/app/node_modules/router/index.js:342:13)\n    at /home/app/node_modules/router/index.js:297:9\n    at processParams (/home/app/node_modules/router/index.js:582:12)\n    at next (/home/app/node_modules/router/index.js:291:5)\n    at /home/app/node_modules/express-rate-limit/dist/index.cjs:999:7\n    at processTicksAndRejections (node:internal/process/task_queues:95:5)\n    at async /home/app/node_modules/express-rate-limit/dist/index.cjs:854:5","timestamp":"2026-06-04T22:22:52.923Z"}
{"level":"info","message":"PostgreSQL connection pool initialized","service":"user-service","timestamp":"2026-06-04T22:26:23.773Z"}
{"level":"warn","message":"User verification migration warning: column \"isverified\" does not exist","service":"user-service","timestamp":"2026-06-04T22:26:23.808Z"}
{"level":"info","message":"Database tables created or verified successfully","service":"user-service","timestamp":"2026-06-04T22:26:23.811Z"}
{"level":"info","message":"Redis client connected","service":"user-service","timestamp":"2026-06-04T22:26:23.830Z"}
{"level":"info","message":"This is server_1, listening on 3000","service":"user-service","timestamp":"2026-06-04T22:26:25.748Z"}
{"level":"info","message":"Received token:","service":"user-service","timestamp":"2026-06-04T22:26:55.949Z"}
{"level":"error","message":"Invalid token provided","service":"user-service","timestamp":"2026-06-04T22:26:55.953Z"}
{"level":"info","message":"PostgreSQL connection pool initialized","service":"user-service","timestamp":"2026-06-04T22:30:49.849Z"}
{"level":"warn","message":"User verification migration warning: column \"isverified\" does not exist","service":"user-service","timestamp":"2026-06-04T22:30:49.898Z"}
{"level":"info","message":"Database tables created or verified successfully","service":"user-service","timestamp":"2026-06-04T22:30:49.899Z"}
{"level":"info","message":"Redis client connected","service":"user-service","timestamp":"2026-06-04T22:30:49.924Z"}
{"level":"info","message":"This is server_1, listening on 3000","service":"user-service","timestamp":"2026-06-04T22:30:52.569Z"}
{"level":"info","message":"Received token:","service":"user-service","timestamp":"2026-06-04T22:30:53.669Z"}
{"level":"error","message":"Invalid token provided","service":"user-service","timestamp":"2026-06-04T22:30:53.676Z"}
{"level":"info","message":"PostgreSQL connection pool initialized","service":"user-service","timestamp":"2026-06-04T22:36:32.103Z"}
{"level":"warn","message":"User verification migration warning: column \"isverified\" does not exist","service":"user-service","timestamp":"2026-06-04T22:36:32.133Z"}
{"level":"info","message":"Database tables created or verified successfully","service":"user-service","timestamp":"2026-06-04T22:36:32.134Z"}
{"level":"info","message":"Redis client connected","service":"user-service","timestamp":"2026-06-04T22:36:32.152Z"}
{"level":"info","message":"This is server_1, listening on 3000","service":"user-service","timestamp":"2026-06-04T22:36:33.690Z"}
